Loading environment variables from .env file
Results for this run will be saved in: results_20250724_004248
--- Starting Single-Task: RF Fingerprinting ---
Results will be saved to: results_20250724_004248/rf/rf_fingerprinting_20250724_004321
{'Radio0': 0, 'Radio1': 1, 'Radio2': 2, 'Radio3': 3, 'Radio4': 4, 'Radio5': 5, 'Radio6': 6, 'Radio7': 7, 'Radio8': 8, 'Radio9': 9, 'Radio10': 10, 'Radio11': 11, 'Radio12': 12, 'Radio13': 13, 'Radio14': 14, 'Radio15': 15}
Setting up Single-Task Learning model for rf_fingerprinting.
Using TaskAdaptiveEncoder with 2 blocks

Model Architecture Details:
Projection Parameters: 1,312,256
Encoder Parameters: 697,088
Task Head Parameters: 135,952
Total Parameters: 2,145,296

Note: Memory usage calculation has been simplified.

Using device: cuda:0
Warning: Error in training batch 0: mean(): could not infer output dtype. Input dtype must be either a floating point or complex dtype. Got: Long
Warning: Error in training batch 1: mean(): could not infer output dtype. Input dtype must be either a floating point or complex dtype. Got: Long
Warning: Error in training batch 2: mean(): could not infer output dtype. Input dtype must be either a floating point or complex dtype. Got: Long
Warning: Error in training batch 3: mean(): could not infer output dtype. Input dtype must be either a floating point or complex dtype. Got: Long
Warning: Error in training batch 4: mean(): could not infer output dtype. Input dtype must be either a floating point or complex dtype. Got: Long
Warning: Error in training batch 5: mean(): could not infer output dtype. Input dtype must be either a floating point or complex dtype. Got: Long
Warning: Error in training batch 6: mean(): could not infer output dtype. Input dtype must be either a floating point or complex dtype. Got: Long
Warning: Error in training batch 7: mean(): could not infer output dtype. Input dtype must be either a floating point or complex dtype. Got: Long
Warning: Error in training batch 8: mean(): could not infer output dtype. Input dtype must be either a floating point or complex dtype. Got: Long
Warning: Error in training batch 9: mean(): could not infer output dtype. Input dtype must be either a floating point or complex dtype. Got: Long
Warning: Error in training batch 10: mean(): could not infer output dtype. Input dtype must be either a floating point or complex dtype. Got: Long
Warning: Error in training batch 11: mean(): could not infer output dtype. Input dtype must be either a floating point or complex dtype. Got: Long
Warning: Error in training batch 12: mean(): could not infer output dtype. Input dtype must be either a floating point or complex dtype. Got: Long
Warning: Error in training batch 13: mean(): could not infer output dtype. Input dtype must be either a floating point or complex dtype. Got: Long
Warning: Error in training batch 14: mean(): could not infer output dtype. Input dtype must be either a floating point or complex dtype. Got: Long
Warning: Error in training batch 15: mean(): could not infer output dtype. Input dtype must be either a floating point or complex dtype. Got: Long
Warning: Error in training batch 16: mean(): could not infer output dtype. Input dtype must be either a floating point or complex dtype. Got: Long
Warning: Error in training batch 17: mean(): could not infer output dtype. Input dtype must be either a floating point or complex dtype. Got: Long
Warning: Error in training batch 18: mean(): could not infer output dtype. Input dtype must be either a floating point or complex dtype. Got: Long
Warning: Error in training batch 19: mean(): could not infer output dtype. Input dtype must be either a floating point or complex dtype. Got: Long
Warning: Error in training batch 20: mean(): could not infer output dtype. Input dtype must be either a floating point or complex dtype. Got: Long
Warning: Error in training batch 21: mean(): could not infer output dtype. Input dtype must be either a floating point or complex dtype. Got: Long
Warning: Error in training batch 22: mean(): could not infer output dtype. Input dtype must be either a floating point or complex dtype. Got: Long
Warning: Error in training batch 23: mean(): could not infer output dtype. Input dtype must be either a floating point or complex dtype. Got: Long
Warning: Error in training batch 24: mean(): could not infer output dtype. Input dtype must be either a floating point or complex dtype. Got: Long
Warning: Error in training batch 25: mean(): could not infer output dtype. Input dtype must be either a floating point or complex dtype. Got: Long
Warning: Error in training batch 26: mean(): could not infer output dtype. Input dtype must be either a floating point or complex dtype. Got: Long
Warning: Error in training batch 27: mean(): could not infer output dtype. Input dtype must be either a floating point or complex dtype. Got: Long
Warning: Error in training batch 28: mean(): could not infer output dtype. Input dtype must be either a floating point or complex dtype. Got: Long
Warning: Error in training batch 29: mean(): could not infer output dtype. Input dtype must be either a floating point or complex dtype. Got: Long
Warning: Error in training batch 30: mean(): could not infer output dtype. Input dtype must be either a floating point or complex dtype. Got: Long
Warning: Error in training batch 31: mean(): could not infer output dtype. Input dtype must be either a floating point or complex dtype. Got: Long
Warning: Error in training batch 32: mean(): could not infer output dtype. Input dtype must be either a floating point or complex dtype. Got: Long
Warning: Error in training batch 33: mean(): could not infer output dtype. Input dtype must be either a floating point or complex dtype. Got: Long
Warning: Error in training batch 34: mean(): could not infer output dtype. Input dtype must be either a floating point or complex dtype. Got: Long
Warning: Error in training batch 35: mean(): could not infer output dtype. Input dtype must be either a floating point or complex dtype. Got: Long
Warning: Error in training batch 36: mean(): could not infer output dtype. Input dtype must be either a floating point or complex dtype. Got: Long
Warning: Error in training batch 37: mean(): could not infer output dtype. Input dtype must be either a floating point or complex dtype. Got: Long
Warning: Error in training batch 38: mean(): could not infer output dtype. Input dtype must be either a floating point or complex dtype. Got: Long
Warning: Error in training batch 39: mean(): could not infer output dtype. Input dtype must be either a floating point or complex dtype. Got: Long
Warning: Error in training batch 40: mean(): could not infer output dtype. Input dtype must be either a floating point or complex dtype. Got: Long
Warning: Error in training batch 41: mean(): could not infer output dtype. Input dtype must be either a floating point or complex dtype. Got: Long
Warning: Error in training batch 42: mean(): could not infer output dtype. Input dtype must be either a floating point or complex dtype. Got: Long
Warning: Error in training batch 43: mean(): could not infer output dtype. Input dtype must be either a floating point or complex dtype. Got: Long
Warning: Error in training batch 44: mean(): could not infer output dtype. Input dtype must be either a floating point or complex dtype. Got: Long
Warning: Error in training batch 45: mean(): could not infer output dtype. Input dtype must be either a floating point or complex dtype. Got: Long
Warning: Error in training batch 46: mean(): could not infer output dtype. Input dtype must be either a floating point or complex dtype. Got: Long
Warning: Error in training batch 47: mean(): could not infer output dtype. Input dtype must be either a floating point or complex dtype. Got: Long
Warning: Error in training batch 48: mean(): could not infer output dtype. Input dtype must be either a floating point or complex dtype. Got: Long
Warning: Error in training batch 49: mean(): could not infer output dtype. Input dtype must be either a floating point or complex dtype. Got: Long
Warning: Error in training batch 50: mean(): could not infer output dtype. Input dtype must be either a floating point or complex dtype. Got: Long
Warning: Error in training batch 51: mean(): could not infer output dtype. Input dtype must be either a floating point or complex dtype. Got: Long
Warning: Error in training batch 52: mean(): could not infer output dtype. Input dtype must be either a floating point or complex dtype. Got: Long
Warning: Error in training batch 53: mean(): could not infer output dtype. Input dtype must be either a floating point or complex dtype. Got: Long
Warning: Error in training batch 54: mean(): could not infer output dtype. Input dtype must be either a floating point or complex dtype. Got: Long
Warning: Error in training batch 55: mean(): could not infer output dtype. Input dtype must be either a floating point or complex dtype. Got: Long
Warning: Error in training batch 56: mean(): could not infer output dtype. Input dtype must be either a floating point or complex dtype. Got: Long
Warning: Error in training batch 57: mean(): could not infer output dtype. Input dtype must be either a floating point or complex dtype. Got: Long
Warning: Error in training batch 58: mean(): could not infer output dtype. Input dtype must be either a floating point or complex dtype. Got: Long
Warning: Error in training batch 59: mean(): could not infer output dtype. Input dtype must be either a floating point or complex dtype. Got: Long
Warning: Error in training batch 60: mean(): could not infer output dtype. Input dtype must be either a floating point or complex dtype. Got: Long
Warning: Error in training batch 61: mean(): could not infer output dtype. Input dtype must be either a floating point or complex dtype. Got: Long
Warning: Error in training batch 62: mean(): could not infer output dtype. Input dtype must be either a floating point or complex dtype. Got: Long
Warning: Error in training batch 63: mean(): could not infer output dtype. Input dtype must be either a floating point or complex dtype. Got: Long
Warning: Error in training batch 64: mean(): could not infer output dtype. Input dtype must be either a floating point or complex dtype. Got: Long
Warning: Error in training batch 65: mean(): could not infer output dtype. Input dtype must be either a floating point or complex dtype. Got: Long
Warning: Error in training batch 66: mean(): could not infer output dtype. Input dtype must be either a floating point or complex dtype. Got: Long
Warning: Error in training batch 67: mean(): could not infer output dtype. Input dtype must be either a floating point or complex dtype. Got: Long
Warning: Error in training batch 68: mean(): could not infer output dtype. Input dtype must be either a floating point or complex dtype. Got: Long
Warning: Error in training batch 69: mean(): could not infer output dtype. Input dtype must be either a floating point or complex dtype. Got: Long
Warning: Error in training batch 70: mean(): could not infer output dtype. Input dtype must be either a floating point or complex dtype. Got: Long
Warning: Error in training batch 71: mean(): could not infer output dtype. Input dtype must be either a floating point or complex dtype. Got: Long
Warning: Error in training batch 72: mean(): could not infer output dtype. Input dtype must be either a floating point or complex dtype. Got: Long
Warning: Error in training batch 73: mean(): could not infer output dtype. Input dtype must be either a floating point or complex dtype. Got: Long
Warning: Error in training batch 74: mean(): could not infer output dtype. Input dtype must be either a floating point or complex dtype. Got: Long
Warning: Error in training batch 75: mean(): could not infer output dtype. Input dtype must be either a floating point or complex dtype. Got: Long
Warning: Error in training batch 76: mean(): could not infer output dtype. Input dtype must be either a floating point or complex dtype. Got: Long
Warning: Error in training batch 77: mean(): could not infer output dtype. Input dtype must be either a floating point or complex dtype. Got: Long
Warning: Error in training batch 78: mean(): could not infer output dtype. Input dtype must be either a floating point or complex dtype. Got: Long
Warning: Error in training batch 79: mean(): could not infer output dtype. Input dtype must be either a floating point or complex dtype. Got: Long
Warning: Error in training batch 80: mean(): could not infer output dtype. Input dtype must be either a floating point or complex dtype. Got: Long
Warning: Error in training batch 81: mean(): could not infer output dtype. Input dtype must be either a floating point or complex dtype. Got: Long
Warning: Error in training batch 82: mean(): could not infer output dtype. Input dtype must be either a floating point or complex dtype. Got: Long
Warning: Error in training batch 83: mean(): could not infer output dtype. Input dtype must be either a floating point or complex dtype. Got: Long
Warning: Error in training batch 84: mean(): could not infer output dtype. Input dtype must be either a floating point or complex dtype. Got: Long
Warning: Error in training batch 85: mean(): could not infer output dtype. Input dtype must be either a floating point or complex dtype. Got: Long
Warning: Error in training batch 86: mean(): could not infer output dtype. Input dtype must be either a floating point or complex dtype. Got: Long
Warning: Error in training batch 87: mean(): could not infer output dtype. Input dtype must be either a floating point or complex dtype. Got: Long
Warning: Error in training batch 88: mean(): could not infer output dtype. Input dtype must be either a floating point or complex dtype. Got: Long
Warning: Error in training batch 89: mean(): could not infer output dtype. Input dtype must be either a floating point or complex dtype. Got: Long
Warning: Error in training batch 90: mean(): could not infer output dtype. Input dtype must be either a floating point or complex dtype. Got: Long
Warning: Error in training batch 91: mean(): could not infer output dtype. Input dtype must be either a floating point or complex dtype. Got: Long
Warning: Error in training batch 92: mean(): could not infer output dtype. Input dtype must be either a floating point or complex dtype. Got: Long
Warning: Error in training batch 93: mean(): could not infer output dtype. Input dtype must be either a floating point or complex dtype. Got: Long
Warning: Error in training batch 94: mean(): could not infer output dtype. Input dtype must be either a floating point or complex dtype. Got: Long
Warning: Error in training batch 95: mean(): could not infer output dtype. Input dtype must be either a floating point or complex dtype. Got: Long
Warning: Error in training batch 96: mean(): could not infer output dtype. Input dtype must be either a floating point or complex dtype. Got: Long
Warning: Error in training batch 97: mean(): could not infer output dtype. Input dtype must be either a floating point or complex dtype. Got: Long
Warning: Error in training batch 98: mean(): could not infer output dtype. Input dtype must be either a floating point or complex dtype. Got: Long
Warning: Error in training batch 99: mean(): could not infer output dtype. Input dtype must be either a floating point or complex dtype. Got: Long
Warning: Error in training batch 100: mean(): could not infer output dtype. Input dtype must be either a floating point or complex dtype. Got: Long
Warning: Error in training batch 101: mean(): could not infer output dtype. Input dtype must be either a floating point or complex dtype. Got: Long
Warning: Error in training batch 102: mean(): could not infer output dtype. Input dtype must be either a floating point or complex dtype. Got: Long
Warning: Error in training batch 103: mean(): could not infer output dtype. Input dtype must be either a floating point or complex dtype. Got: Long
Warning: Error in training batch 104: mean(): could not infer output dtype. Input dtype must be either a floating point or complex dtype. Got: Long
Warning: Error in training batch 105: mean(): could not infer output dtype. Input dtype must be either a floating point or complex dtype. Got: Long
Warning: Error in training batch 106: mean(): could not infer output dtype. Input dtype must be either a floating point or complex dtype. Got: Long
Warning: Error in training batch 107: mean(): could not infer output dtype. Input dtype must be either a floating point or complex dtype. Got: Long
Warning: Error in training batch 108: mean(): could not infer output dtype. Input dtype must be either a floating point or complex dtype. Got: Long
Warning: Error in training batch 109: mean(): could not infer output dtype. Input dtype must be either a floating point or complex dtype. Got: Long
Warning: Error in training batch 110: mean(): could not infer output dtype. Input dtype must be either a floating point or complex dtype. Got: Long
Warning: Error in training batch 111: mean(): could not infer output dtype. Input dtype must be either a floating point or complex dtype. Got: Long
Warning: Error in training batch 112: mean(): could not infer output dtype. Input dtype must be either a floating point or complex dtype. Got: Long
Warning: Error in training batch 113: mean(): could not infer output dtype. Input dtype must be either a floating point or complex dtype. Got: Long
Warning: Error in training batch 114: mean(): could not infer output dtype. Input dtype must be either a floating point or complex dtype. Got: Long
Warning: Error in training batch 115: mean(): could not infer output dtype. Input dtype must be either a floating point or complex dtype. Got: Long
Warning: Error in training batch 116: mean(): could not infer output dtype. Input dtype must be either a floating point or complex dtype. Got: Long
Warning: Error in training batch 117: mean(): could not infer output dtype. Input dtype must be either a floating point or complex dtype. Got: Long
Warning: Error in training batch 118: mean(): could not infer output dtype. Input dtype must be either a floating point or complex dtype. Got: Long
Warning: Error in training batch 119: mean(): could not infer output dtype. Input dtype must be either a floating point or complex dtype. Got: Long
Warning: Error in training batch 120: mean(): could not infer output dtype. Input dtype must be either a floating point or complex dtype. Got: Long
Warning: Error in training batch 121: mean(): could not infer output dtype. Input dtype must be either a floating point or complex dtype. Got: Long
Warning: Error in training batch 122: mean(): could not infer output dtype. Input dtype must be either a floating point or complex dtype. Got: Long
Warning: Error in training batch 123: mean(): could not infer output dtype. Input dtype must be either a floating point or complex dtype. Got: Long
Warning: Error in training batch 124: mean(): could not infer output dtype. Input dtype must be either a floating point or complex dtype. Got: Long
Warning: Error in training batch 125: mean(): could not infer output dtype. Input dtype must be either a floating point or complex dtype. Got: Long
Warning: Error in training batch 126: mean(): could not infer output dtype. Input dtype must be either a floating point or complex dtype. Got: Long
Warning: Error in training batch 127: mean(): could not infer output dtype. Input dtype must be either a floating point or complex dtype. Got: Long
Warning: Error in training batch 128: mean(): could not infer output dtype. Input dtype must be either a floating point or complex dtype. Got: Long
Warning: Error in training batch 129: mean(): could not infer output dtype. Input dtype must be either a floating point or complex dtype. Got: Long
Warning: Error in training batch 130: mean(): could not infer output dtype. Input dtype must be either a floating point or complex dtype. Got: Long
Warning: Error in training batch 131: mean(): could not infer output dtype. Input dtype must be either a floating point or complex dtype. Got: Long
Warning: Error in training batch 132: mean(): could not infer output dtype. Input dtype must be either a floating point or complex dtype. Got: Long
Warning: Error in training batch 133: mean(): could not infer output dtype. Input dtype must be either a floating point or complex dtype. Got: Long
Warning: Error in training batch 134: mean(): could not infer output dtype. Input dtype must be either a floating point or complex dtype. Got: Long
Warning: Error in training batch 135: mean(): could not infer output dtype. Input dtype must be either a floating point or complex dtype. Got: Long
Warning: Error in training batch 136: mean(): could not infer output dtype. Input dtype must be either a floating point or complex dtype. Got: Long
Warning: Error in training batch 137: mean(): could not infer output dtype. Input dtype must be either a floating point or complex dtype. Got: Long
Warning: Error in training batch 138: mean(): could not infer output dtype. Input dtype must be either a floating point or complex dtype. Got: Long
Warning: Error in training batch 139: mean(): could not infer output dtype. Input dtype must be either a floating point or complex dtype. Got: Long
Warning: Error in training batch 140: mean(): could not infer output dtype. Input dtype must be either a floating point or complex dtype. Got: Long
Warning: Error in training batch 141: mean(): could not infer output dtype. Input dtype must be either a floating point or complex dtype. Got: Long
Warning: Error in training batch 142: mean(): could not infer output dtype. Input dtype must be either a floating point or complex dtype. Got: Long
Warning: Error in training batch 143: mean(): could not infer output dtype. Input dtype must be either a floating point or complex dtype. Got: Long
Warning: Error in training batch 144: mean(): could not infer output dtype. Input dtype must be either a floating point or complex dtype. Got: Long
Warning: Error in training batch 145: mean(): could not infer output dtype. Input dtype must be either a floating point or complex dtype. Got: Long
Warning: Error in training batch 146: mean(): could not infer output dtype. Input dtype must be either a floating point or complex dtype. Got: Long
Warning: Error in training batch 147: mean(): could not infer output dtype. Input dtype must be either a floating point or complex dtype. Got: Long
Warning: Error in training batch 148: mean(): could not infer output dtype. Input dtype must be either a floating point or complex dtype. Got: Long
Warning: Error in training batch 149: mean(): could not infer output dtype. Input dtype must be either a floating point or complex dtype. Got: Long
Warning: Error in training batch 150: mean(): could not infer output dtype. Input dtype must be either a floating point or complex dtype. Got: Long
Warning: Error in training batch 151: mean(): could not infer output dtype. Input dtype must be either a floating point or complex dtype. Got: Long
Warning: Error in training batch 152: mean(): could not infer output dtype. Input dtype must be either a floating point or complex dtype. Got: Long
Warning: Error in training batch 153: mean(): could not infer output dtype. Input dtype must be either a floating point or complex dtype. Got: Long
Warning: Error in training batch 154: mean(): could not infer output dtype. Input dtype must be either a floating point or complex dtype. Got: Long
Warning: Error in training batch 155: mean(): could not infer output dtype. Input dtype must be either a floating point or complex dtype. Got: Long
Warning: Error in training batch 156: mean(): could not infer output dtype. Input dtype must be either a floating point or complex dtype. Got: Long
Warning: Error in training batch 157: mean(): could not infer output dtype. Input dtype must be either a floating point or complex dtype. Got: Long
Warning: Error in training batch 158: mean(): could not infer output dtype. Input dtype must be either a floating point or complex dtype. Got: Long
Warning: Error in training batch 159: mean(): could not infer output dtype. Input dtype must be either a floating point or complex dtype. Got: Long
Warning: Error in training batch 160: mean(): could not infer output dtype. Input dtype must be either a floating point or complex dtype. Got: Long
Warning: Error in training batch 161: mean(): could not infer output dtype. Input dtype must be either a floating point or complex dtype. Got: Long
Warning: Error in training batch 162: mean(): could not infer output dtype. Input dtype must be either a floating point or complex dtype. Got: Long
Warning: Error in training batch 163: mean(): could not infer output dtype. Input dtype must be either a floating point or complex dtype. Got: Long
Warning: Error in training batch 164: mean(): could not infer output dtype. Input dtype must be either a floating point or complex dtype. Got: Long
Warning: Error in training batch 165: mean(): could not infer output dtype. Input dtype must be either a floating point or complex dtype. Got: Long
Warning: Error in training batch 166: mean(): could not infer output dtype. Input dtype must be either a floating point or complex dtype. Got: Long
Warning: Error in training batch 167: mean(): could not infer output dtype. Input dtype must be either a floating point or complex dtype. Got: Long
Warning: Error in training batch 168: mean(): could not infer output dtype. Input dtype must be either a floating point or complex dtype. Got: Long
Warning: Error in training batch 169: mean(): could not infer output dtype. Input dtype must be either a floating point or complex dtype. Got: Long
Warning: Error in training batch 170: mean(): could not infer output dtype. Input dtype must be either a floating point or complex dtype. Got: Long
Warning: Error in training batch 171: mean(): could not infer output dtype. Input dtype must be either a floating point or complex dtype. Got: Long
Warning: Error in training batch 172: mean(): could not infer output dtype. Input dtype must be either a floating point or complex dtype. Got: Long
Warning: Error in training batch 173: mean(): could not infer output dtype. Input dtype must be either a floating point or complex dtype. Got: Long
Warning: Error in training batch 174: mean(): could not infer output dtype. Input dtype must be either a floating point or complex dtype. Got: Long
Warning: Error in training batch 175: mean(): could not infer output dtype. Input dtype must be either a floating point or complex dtype. Got: Long
Warning: Error in training batch 176: mean(): could not infer output dtype. Input dtype must be either a floating point or complex dtype. Got: Long
Warning: Error in training batch 177: mean(): could not infer output dtype. Input dtype must be either a floating point or complex dtype. Got: Long
Warning: Error in training batch 178: mean(): could not infer output dtype. Input dtype must be either a floating point or complex dtype. Got: Long
Epoch 1 Train Loss: 2.8005, Train Acc: 0.00%, LR: 0.001000
Epoch 1 Val Loss: 2.7617, Val Acc: 6.26%
Saved best model.
